TAT,1
AGT,2
CAG,1
TCA,1
GTC,1
CAT,1
GCA,1
TGC,1
ATG,1
ACT,1
AAT,1
CGG,1
TAC,2
TTA,1